[    0.000000] Linux version 4.15.0-163-generic (buildd@lcy01-amd64-021) (gcc version 7.5.0 (Ubuntu 7.5.0-3ubuntu1~18.04)) #171-Ubuntu SMP Fri Nov 5 11:55:11 UTC 2021 (Ubuntu 4.15.0-163.171-generic 4.15.18)
[    0.000000] Command line: BOOT_IMAGE=/boot/vmlinuz-4.15.0-163-generic root=LABEL=cloudimg-rootfs ro console=tty1 console=ttyS0
[    0.000000] KERNEL supported cpus:
[    0.000000]   Intel GenuineIntel
[    0.000000]   AMD AuthenticAMD
[    0.000000]   Centaur CentaurHauls
[    0.000000] x86/fpu: x87 FPU will use FXSAVE
[    0.000000] e820: BIOS-provided physical RAM map:
[    0.000000] BIOS-e820: [mem 0x0000000000000000-0x000000000009fbff] usable
[    0.000000] BIOS-e820: [mem 0x000000000009fc00-0x000000000009ffff] reserved
[    0.000000] BIOS-e820: [mem 0x00000000000f0000-0x00000000000fffff] reserved
[    0.000000] BIOS-e820: [mem 0x0000000000100000-0x000000003ffeffff] usable
[    0.000000] BIOS-e820: [mem 0x000000003fff0000-0x000000003fffffff] ACPI data
[    0.000000] BIOS-e820: [mem 0x00000000fec00000-0x00000000fec00fff] reserved
[    0.000000] BIOS-e820: [mem 0x00000000fee00000-0x00000000fee00fff] reserved
[    0.000000] BIOS-e820: [mem 0x00000000fffc0000-0x00000000ffffffff] reserved
[    0.000000] NX (Execute Disable) protection: active
[    0.000000] SMBIOS 2.5 present.
[    0.000000] DMI: innotek GmbH VirtualBox/VirtualBox, BIOS VirtualBox 12/01/2006
[    0.000000] Hypervisor detected: KVM
[    0.000000] e820: last_pfn = 0x3fff0 max_arch_pfn = 0x400000000
[    0.000000] MTRR: Disabled
[    0.000000] x86/PAT: MTRRs disabled, skipping PAT initialization too.
[    0.000000] CPU MTRRs all blank - virtualized system.
[    0.000000] x86/PAT: Configuration [0-7]: WB  WT  UC- UC  WB  WT  UC- UC  
[    0.000000] found SMP MP-table at [mem 0x0009fff0-0x0009ffff]
[    0.000000] Scanning 1 areas for low memory corruption
[    0.000000] RAMDISK: [mem 0x359c7000-0x36cdafff]
[    0.000000] ACPI: Early table checksum verification disabled
[    0.000000] ACPI: RSDP 0x00000000000E0000 000024 (v02 VBOX  )
[    0.000000] ACPI: XSDT 0x000000003FFF0030 00003C (v01 VBOX   VBOXXSDT 00000001 ASL  00000061)
[    0.000000] ACPI: FACP 0x000000003FFF00F0 0000F4 (v04 VBOX   VBOXFACP 00000001 ASL  00000061)
[    0.000000] ACPI: DSDT 0x000000003FFF0470 002325 (v02 VBOX   VBOXBIOS 00000002 INTL 20100528)
[    0.000000] ACPI: FACS 0x000000003FFF0200 000040
[    0.000000] ACPI: FACS 0x000000003FFF0200 000040
[    0.000000] ACPI: APIC 0x000000003FFF0240 00005C (v02 VBOX   VBOXAPIC 00000001 ASL  00000061)
[    0.000000] ACPI: SSDT 0x000000003FFF02A0 0001CC (v01 VBOX   VBOXCPUT 00000002 INTL 20100528)
[    0.000000] ACPI: Reserving FACP table memory at [mem 0x3fff00f0-0x3fff01e3]
[    0.000000] ACPI: Reserving DSDT table memory at [mem 0x3fff0470-0x3fff2794]
[    0.000000] ACPI: Reserving FACS table memory at [mem 0x3fff0200-0x3fff023f]
[    0.000000] ACPI: Reserving FACS table memory at [mem 0x3fff0200-0x3fff023f]
[    0.000000] ACPI: Reserving APIC table memory at [mem 0x3fff0240-0x3fff029b]
[    0.000000] ACPI: Reserving SSDT table memory at [mem 0x3fff02a0-0x3fff046b]
[    0.000000] No NUMA configuration found
[    0.000000] Faking a node at [mem 0x0000000000000000-0x000000003ffeffff]
[    0.000000] NODE_DATA(0) allocated [mem 0x3ffc5000-0x3ffeffff]
[    0.000000] kvm-clock: cpu 0, msr 0:3ff44001, primary cpu clock
[    0.000000] kvm-clock: Using msrs 4b564d01 and 4b564d00
[    0.000000] kvm-clock: using sched offset of 4387980737 cycles
[    0.000000] clocksource: kvm-clock: mask: 0xffffffffffffffff max_cycles: 0x1cd42e4dffb, max_idle_ns: 881590591483 ns
[    0.000000] Zone ranges:
[    0.000000]   DMA      [mem 0x0000000000001000-0x0000000000ffffff]
[    0.000000]   DMA32    [mem 0x0000000001000000-0x000000003ffeffff]
[    0.000000]   Normal   empty
[    0.000000]   Device   empty
[    0.000000] Movable zone start for each node
[    0.000000] Early memory node ranges
[    0.000000]   node   0: [mem 0x0000000000001000-0x000000000009efff]
[    0.000000]   node   0: [mem 0x0000000000100000-0x000000003ffeffff]
[    0.000000] Reserved but unavailable: 104 pages
[    0.000000] Initmem setup node 0 [mem 0x0000000000001000-0x000000003ffeffff]
[    0.000000] ACPI: PM-Timer IO Port: 0x4008
[    0.000000] IOAPIC[0]: apic_id 2, version 32, address 0xfec00000, GSI 0-23
[    0.000000] ACPI: INT_SRC_OVR (bus 0 bus_irq 0 global_irq 2 dfl dfl)
[    0.000000] ACPI: INT_SRC_OVR (bus 0 bus_irq 9 global_irq 9 low level)
[    0.000000] Using ACPI (MADT) for SMP configuration information
[    0.000000] smpboot: Allowing 2 CPUs, 0 hotplug CPUs
[    0.000000] PM: Registered nosave memory: [mem 0x00000000-0x00000fff]
[    0.000000] PM: Registered nosave memory: [mem 0x0009f000-0x0009ffff]
[    0.000000] PM: Registered nosave memory: [mem 0x000a0000-0x000effff]
[    0.000000] PM: Registered nosave memory: [mem 0x000f0000-0x000fffff]
[    0.000000] e820: [mem 0x40000000-0xfebfffff] available for PCI devices
[    0.000000] Booting paravirtualized kernel on KVM
[    0.000000] clocksource: refined-jiffies: mask: 0xffffffff max_cycles: 0xffffffff, max_idle_ns: 7645519600211568 ns
[    0.000000] random: get_random_bytes called from start_kernel+0x99/0x500 with crng_init=0
[    0.000000] setup_percpu: NR_CPUS:8192 nr_cpumask_bits:2 nr_cpu_ids:2 nr_node_ids:1
[    0.000000] percpu: Embedded 45 pages/cpu s147456 r8192 d28672 u1048576
[    0.000000] PV qspinlock hash table entries: 256 (order: 0, 4096 bytes)
[    0.000000] Built 1 zonelists, mobility grouping on.  Total pages: 257913
[    0.000000] Policy zone: DMA32
[    0.000000] Kernel command line: BOOT_IMAGE=/boot/vmlinuz-4.15.0-163-generic root=LABEL=cloudimg-rootfs ro console=tty1 console=ttyS0
[    0.000000] Memory: 982700K/1048120K available (12300K kernel code, 2483K rwdata, 4320K rodata, 2448K init, 2724K bss, 65420K reserved, 0K cma-reserved)
[    0.000000] SLUB: HWalign=64, Order=0-3, MinObjects=0, CPUs=2, Nodes=1
[    0.000000] ftrace: allocating 39476 entries in 155 pages
[    0.004000] Hierarchical RCU implementation.
[    0.004000] 	RCU restricting CPUs from NR_CPUS=8192 to nr_cpu_ids=2.
[    0.004000] 	Tasks RCU enabled.
[    0.004000] RCU: Adjusting geometry for rcu_fanout_leaf=16, nr_cpu_ids=2
[    0.004000] NR_IRQS: 524544, nr_irqs: 440, preallocated irqs: 16
[    0.004000] Console: colour VGA+ 80x25
[    0.004000] console [tty1] enabled
[    0.004000] console [ttyS0] enabled
[    0.004000] ACPI: Core revision 20170831
[    0.004000] ACPI: 2 ACPI AML tables successfully acquired and loaded
[    0.004000] APIC: Switch to symmetric I/O mode setup
[    0.004000] ..TIMER: vector=0x30 apic1=0 pin1=2 apic2=-1 pin2=-1
[    0.004004] tsc: Detected 2592.006 MHz processor
[    0.006944] Calibrating delay loop (skipped) preset value.. 5184.01 BogoMIPS (lpj=10368024)
[    0.008006] pid_max: default: 32768 minimum: 301
[    0.011043] Security Framework initialized
[    0.012004] Yama: becoming mindful.
[    0.016064] AppArmor: AppArmor initialized
[    0.025455] Dentry cache hash table entries: 131072 (order: 8, 1048576 bytes)
[    0.029606] Inode-cache hash table entries: 65536 (order: 7, 524288 bytes)
[    0.032119] Mount-cache hash table entries: 2048 (order: 2, 16384 bytes)
[    0.036050] Mountpoint-cache hash table entries: 2048 (order: 2, 16384 bytes)
[    0.041157] Last level iTLB entries: 4KB 64, 2MB 8, 4MB 8
[    0.044002] Last level dTLB entries: 4KB 64, 2MB 0, 4MB 0, 1GB 4
[    0.048003] Spectre V1 : Mitigation: usercopy/swapgs barriers and __user pointer sanitization
[    0.052002] Spectre V2 : Mitigation: Enhanced IBRS
[    0.056001] Spectre V2 : Spectre v2 / SpectreRSB mitigation: Filling RSB on context switch
[    0.060002] Speculative Store Bypass: Vulnerable
[    0.063199] Freeing SMP alternatives memory: 36K
[    0.177390] smpboot: CPU0: Intel(R) Core(TM) i7-10750H CPU @ 2.60GHz (family: 0x6, model: 0xa5, stepping: 0x2)
[    0.180321] Performance Events: unsupported p6 CPU model 165 no PMU driver, software events only.
[    0.184127] Hierarchical SRCU implementation.
[    0.188598] NMI watchdog: Perf event create on CPU 0 failed with -2
[    0.192001] NMI watchdog: Perf NMI watchdog permanently disabled
[    0.196279] smp: Bringing up secondary CPUs ...
[    0.200619] x86: Booting SMP configuration:
[    0.204002] .... node  #0, CPUs:      #1
[    0.004000] kvm-clock: cpu 1, msr 0:3ff44041, secondary cpu clock
[    0.214376] TSC synchronization [CPU#0 -> CPU#1]:
[    0.216000] Measured 49897 cycles TSC warp between CPUs, turning off TSC clock.
[    0.216000] tsc: Marking TSC unstable due to check_tsc_sync_source failed
[    0.220153] smp: Brought up 1 node, 2 CPUs
[    0.224004] smpboot: Max logical packages: 1
[    0.226675] smpboot: Total of 2 processors activated (10368.02 BogoMIPS)
[    0.232447] devtmpfs: initialized
[    0.234423] x86/mm: Memory block size: 128MB
[    0.236283] evm: security.selinux
[    0.240002] evm: security.SMACK64
[    0.242202] evm: security.SMACK64EXEC
[    0.244002] evm: security.SMACK64TRANSMUTE
[    0.246798] evm: security.SMACK64MMAP
[    0.248001] evm: security.apparmor
[    0.249988] evm: security.ima
[    0.252002] evm: security.capability
[    0.254332] clocksource: jiffies: mask: 0xffffffff max_cycles: 0xffffffff, max_idle_ns: 7645041785100000 ns
[    0.256077] futex hash table entries: 512 (order: 3, 32768 bytes)
[    0.260126] pinctrl core: initialized pinctrl subsystem
[    0.263581] RTC time: 20:45:44, date: 02/08/22
[    0.264800] NET: Registered protocol family 16
[    0.268095] audit: initializing netlink subsys (disabled)
[    0.272127] audit: type=2000 audit(1644353149.717:1): state=initialized audit_enabled=0 res=1
[    0.280004] cpuidle: using governor ladder
[    0.282507] cpuidle: using governor menu
[    0.284028] ACPI: bus type PCI registered
[    0.288002] acpiphp: ACPI Hot Plug PCI Controller Driver version: 0.5
[    0.292000] PCI: Using configuration type 1 for base access
[    0.297411] HugeTLB registered 2.00 MiB page size, pre-allocated 0 pages
[    0.304301] ACPI: Added _OSI(Module Device)
[    0.306788] ACPI: Added _OSI(Processor Device)
[    0.308073] ACPI: Added _OSI(3.0 _SCP Extensions)
[    0.312008] ACPI: Added _OSI(Processor Aggregator Device)
[    0.316003] ACPI: Added _OSI(Linux-Dell-Video)
[    0.318681] ACPI: Added _OSI(Linux-Lenovo-NV-HDMI-Audio)
[    0.320002] ACPI: Added _OSI(Linux-HPI-Hybrid-Graphics)
[    0.323586] ACPI: Executed 1 blocks of module-level executable AML code
[    0.330283] ACPI: Interpreter enabled
[    0.332013] ACPI: (supports S0 S5)
[    0.334084] ACPI: Using IOAPIC for interrupt routing
[    0.336310] PCI: Using host bridge windows from ACPI; if necessary, use "pci=nocrs" and report a bug
[    0.340185] ACPI: Enabled 2 GPEs in block 00 to 07
[    0.350910] ACPI: PCI Root Bridge [PCI0] (domain 0000 [bus 00-ff])
[    0.352006] acpi PNP0A03:00: _OSC: OS supports [ASPM ClockPM Segments MSI]
[    0.356588] acpi PNP0A03:00: _OSC: not requesting OS control; OS requires [ExtendedConfig ASPM ClockPM MSI]
[    0.360009] acpi PNP0A03:00: fail to add MMCONFIG information, can't access extended PCI configuration space under this bridge.
[    0.368209] PCI host bridge to bus 0000:00
[    0.370675] pci_bus 0000:00: root bus resource [io  0x0000-0x0cf7 window]
[    0.372011] pci_bus 0000:00: root bus resource [io  0x0d00-0xffff window]
[    0.376004] pci_bus 0000:00: root bus resource [mem 0x000a0000-0x000bffff window]
[    0.380003] pci_bus 0000:00: root bus resource [mem 0x40000000-0xfdffffff window]
[    0.384018] pci_bus 0000:00: root bus resource [bus 00-ff]
[    0.393767] pci 0000:00:01.1: legacy IDE quirk: reg 0x10: [io  0x01f0-0x01f7]
[    0.396007] pci 0000:00:01.1: legacy IDE quirk: reg 0x14: [io  0x03f6]
[    0.400004] pci 0000:00:01.1: legacy IDE quirk: reg 0x18: [io  0x0170-0x0177]
[    0.404008] pci 0000:00:01.1: legacy IDE quirk: reg 0x1c: [io  0x0376]
[    0.492379] pci 0000:00:07.0: quirk: [io  0x4000-0x403f] claimed by PIIX4 ACPI
[    0.500028] pci 0000:00:07.0: quirk: [io  0x4100-0x410f] claimed by PIIX4 SMB
[    0.516838] ACPI: PCI Interrupt Link [LNKA] (IRQs 5 9 10 *11)
[    0.524270] ACPI: PCI Interrupt Link [LNKB] (IRQs 5 9 *10 11)
[    0.528189] ACPI: PCI Interrupt Link [LNKC] (IRQs 5 *9 10 11)
[    0.536159] ACPI: PCI Interrupt Link [LNKD] (IRQs 5 9 10 *11)
[    0.544333] SCSI subsystem initialized
[    0.548160] pci 0000:00:02.0: vgaarb: setting as boot VGA device
[    0.551960] pci 0000:00:02.0: vgaarb: VGA device added: decodes=io+mem,owns=io+mem,locks=none
[    0.564005] pci 0000:00:02.0: vgaarb: bridge control possible
[    0.568002] vgaarb: loaded
[    0.572054] ACPI: bus type USB registered
[    0.576032] usbcore: registered new interface driver usbfs
[    0.580011] usbcore: registered new interface driver hub
[    0.588009] usbcore: registered new device driver usb
[    0.592103] EDAC MC: Ver: 3.0.0
[    0.596541] PCI: Using ACPI for IRQ routing
[    0.604618] NetLabel: Initializing
[    0.608002] NetLabel:  domain hash size = 128
[    0.612001] NetLabel:  protocols = UNLABELED CIPSOv4 CALIPSO
[    0.620017] NetLabel:  unlabeled traffic allowed by default
[    0.624213] clocksource: Switched to clocksource kvm-clock
[    0.668814] VFS: Disk quotas dquot_6.6.0
[    0.671844] VFS: Dquot-cache hash table entries: 512 (order 0, 4096 bytes)
[    0.677256] AppArmor: AppArmor Filesystem Enabled
[    0.680474] pnp: PnP ACPI init
[    0.683971] pnp: PnP ACPI: found 3 devices
[    0.696234] clocksource: acpi_pm: mask: 0xffffff max_cycles: 0xffffff, max_idle_ns: 2085701024 ns
[    0.702697] NET: Registered protocol family 2
[    0.706350] IP idents hash table entries: 16384 (order: 5, 131072 bytes)
[    0.712752] TCP established hash table entries: 8192 (order: 4, 65536 bytes)
[    0.719937] TCP bind hash table entries: 8192 (order: 5, 131072 bytes)
[    0.726175] TCP: Hash tables configured (established 8192 bind 8192)
[    0.732565] UDP hash table entries: 512 (order: 2, 16384 bytes)
[    0.738605] UDP-Lite hash table entries: 512 (order: 2, 16384 bytes)
[    0.745974] NET: Registered protocol family 1
[    0.749710] pci 0000:00:00.0: Limiting direct PCI/PCI transfers
[    0.756137] pci 0000:00:01.0: Activating ISA DMA hang workarounds
[    0.763563] pci 0000:00:02.0: Video device with shadowed ROM at [mem 0x000c0000-0x000dffff]
[    0.775004] Unpacking initramfs...
[    1.302580] Freeing initrd memory: 19536K
[    1.305602] clocksource: tsc: mask: 0xffffffffffffffff max_cycles: 0x255cbc978bf, max_idle_ns: 440795251759 ns
[    1.311791] platform rtc_cmos: registered platform RTC device (no PNP device found)
[    1.317316] Scanning for low memory corruption every 60 seconds
[    1.322620] Initialise system trusted keyrings
[    1.326145] Key type blacklist registered
[    1.329416] workingset: timestamp_bits=36 max_order=18 bucket_order=0
[    1.335289] zbud: loaded
[    1.338019] squashfs: version 4.0 (2009/01/31) Phillip Lougher
[    1.342369] fuse init (API version 7.26)
[    1.357568] Key type asymmetric registered
[    1.360675] Asymmetric key parser 'x509' registered
[    1.364409] Block layer SCSI generic (bsg) driver version 0.4 loaded (major 246)
[    1.370362] io scheduler noop registered
[    1.373315] io scheduler deadline registered
[    1.376417] io scheduler cfq registered (default)
[    1.380344] ACPI: AC Adapter [AC] (on-line)
[    1.383249] input: Power Button as /devices/LNXSYSTM:00/LNXPWRBN:00/input/input0
[    1.388686] ACPI: Power Button [PWRF]
[    1.391542] input: Sleep Button as /devices/LNXSYSTM:00/LNXSLPBN:00/input/input1
[    1.396528] ACPI: Sleep Button [SLPF]
[    1.399679] Serial: 8250/16550 driver, 32 ports, IRQ sharing enabled
[    1.400805] ACPI: Battery Slot [BAT0] (battery present)
[    1.434286] 00:02: ttyS0 at I/O 0x3f8 (irq = 4, base_baud = 115200) is a 16550A
[    1.440601] Linux agpgart interface v0.103
[    1.445872] loop: module loaded
[    1.451153] scsi host0: ata_piix
[    1.454248] scsi host1: ata_piix
[    1.456835] ata1: PATA max UDMA/33 cmd 0x1f0 ctl 0x3f6 bmdma 0xd000 irq 14
[    1.461433] ata2: PATA max UDMA/33 cmd 0x170 ctl 0x376 bmdma 0xd008 irq 15
[    1.466078] libphy: Fixed MDIO Bus: probed
[    1.469259] tun: Universal TUN/TAP device driver, 1.6
[    1.473087] PPP generic driver version 2.4.2
[    1.476048] ehci_hcd: USB 2.0 'Enhanced' Host Controller (EHCI) Driver
[    1.480525] ehci-pci: EHCI PCI platform driver
[    1.483554] ehci-platform: EHCI generic platform driver
[    1.487140] ohci_hcd: USB 1.1 'Open' Host Controller (OHCI) Driver
[    1.491203] ohci-pci: OHCI PCI platform driver
[    1.494487] ohci-platform: OHCI generic platform driver
[    1.498004] uhci_hcd: USB Universal Host Controller Interface driver
[    1.502307] i8042: PNP: PS/2 Controller [PNP0303:PS2K,PNP0f03:PS2M] at 0x60,0x64 irq 1,12
[    1.510110] serio: i8042 KBD port at 0x60,0x64 irq 1
[    1.513767] serio: i8042 AUX port at 0x60,0x64 irq 12
[    1.517124] mousedev: PS/2 mouse device common for all mice
[    1.522130] input: AT Translated Set 2 keyboard as /devices/platform/i8042/serio0/input/input2
[    1.528977] rtc_cmos rtc_cmos: rtc core: registered rtc_cmos as rtc0
[    1.534107] rtc_cmos rtc_cmos: alarms up to one day, 114 bytes nvram
[    1.538625] i2c /dev entries driver
[    1.541721] device-mapper: uevent: version 1.0.3
[    1.544864] device-mapper: ioctl: 4.37.0-ioctl (2017-09-20) initialised: dm-devel@redhat.com
[    1.550441] ledtrig-cpu: registered to indicate activity on CPUs
[    1.555658] NET: Registered protocol family 10
[    1.567666] Segment Routing with IPv6
[    1.570411] NET: Registered protocol family 17
[    1.574125] Key type dns_resolver registered
[    1.578095] mce: Using 0 MCE banks
[    1.580767] RAS: Correctable Errors collector initialized.
[    1.584328] sched_clock: Marking stable (1584296212, 0)->(2126479305, -542183093)
[    1.592513] registered taskstats version 1
[    1.595310] Loading compiled-in X.509 certificates
[    1.601979] Loaded X.509 cert 'Build time autogenerated kernel key: f60a4c8d126e94dbf36c5faa43fb49029eeea9a9'
[    1.608566] Loaded X.509 cert 'Canonical Ltd. Live Patch Signing: 14df34d1a87cf37625abec039ef2bf521249b969'
[    1.615237] Loaded X.509 cert 'Canonical Ltd. Kernel Module Signing: 88f752e560a1e0737e31163a466ad7b70a850c19'
[    1.621943] zswap: loaded using pool lzo/zbud
[    1.679198] Key type big_key registered
[    1.682329] Key type trusted registered
[    1.688591] Key type encrypted registered
[    1.691276] AppArmor: AppArmor sha1 policy hashing enabled
[    1.694965] ima: No TPM chip found, activating TPM-bypass! (rc=-19)
[    1.699322] ima: Allocated hash algorithm: sha1
[    1.702591] evm: HMAC attrs: 0x1
[    1.705648]   Magic number: 10:932:800
[    1.709054] rtc_cmos rtc_cmos: setting system clock to 2022-02-08 20:45:45 UTC (1644353145)
[    1.714832] BIOS EDD facility v0.16 2004-Jun-25, 0 devices found
[    1.719335] EDD information not available.
[    1.725284] Freeing unused kernel image memory: 2448K
[    1.744620] Write protecting the kernel read-only data: 20480k
[    1.749641] Freeing unused kernel image memory: 2008K
[    1.753342] Freeing unused kernel image memory: 1824K
[    1.763496] x86/mm: Checked W+X mappings: passed, no W+X pages found.
Loading, please wait...
starting version 237
[    1.864927] Fusion MPT base driver 3.04.20
[    1.867932] Copyright (c) 1999-2008 LSI Corporation
[    1.875179] e1000: Intel(R) PRO/1000 Network Driver - version 7.3.21-k8-NAPI
[    1.880214] e1000: Copyright (c) 1999-2006 Intel Corporation.
[    1.908839] Fusion MPT SPI Host driver 3.04.20
[    2.128965] input: ImExPS/2 Generic Explorer Mouse as /devices/platform/i8042/serio1/input/input4
[    2.466232] e1000 0000:00:03.0 eth0: (PCI:33MHz:32-bit) 02:29:e0:c3:be:94
[    2.470875] e1000 0000:00:03.0 eth0: Intel(R) PRO/1000 Network Connection
[    2.477023] mptbase: ioc0: Initiating bringup
[    2.477109] e1000 0000:00:03.0 enp0s3: renamed from eth0
[    2.578252] ioc0: LSI53C1030 A0: Capabilities={Initiator}
[    2.835042] scsi host2: ioc0: LSI53C1030 A0, FwRev=00000000h, Ports=1, MaxQ=256, IRQ=20
[    3.012765] scsi 2:0:0:0: Direct-Access     VBOX     HARDDISK         1.0  PQ: 0 ANSI: 5
[    3.081926] scsi target2:0:0: Beginning Domain Validation
[    3.088474] scsi target2:0:0: Domain Validation skipping write tests
[    3.092024] scsi target2:0:0: Ending Domain Validation
[    3.095444] scsi target2:0:0: asynchronous
[    3.099243] scsi 2:0:1:0: Direct-Access     VBOX     HARDDISK         1.0  PQ: 0 ANSI: 5
[    4.712561] scsi target2:0:1: Beginning Domain Validation
[    4.717654] random: fast init done
[    4.722916] scsi target2:0:1: Domain Validation skipping write tests
[    4.726405] scsi target2:0:1: Ending Domain Validation
[    4.729404] scsi target2:0:1: asynchronous
[    4.739502] random: systemd-udevd: uninitialized urandom read (16 bytes read)
[    4.741543] sd 2:0:0:0: [sda] 83886080 512-byte logical blocks: (42.9 GB/40.0 GiB)
[    4.744893] random: systemd-udevd: uninitialized urandom read (16 bytes read)
[    4.749608] sd 2:0:0:0: [sda] Write Protect is off
[    4.753899] sd 2:0:0:0: Attached scsi generic sg0 type 0
[    4.761779] sd 2:0:1:0: Attached scsi generic sg1 type 0
[    4.765130] sd 2:0:1:0: [sdb] 20480 512-byte logical blocks: (10.5 MB/10.0 MiB)
[    4.766306] random: systemd-udevd: uninitialized urandom read (16 bytes read)
[    4.766590] sd 2:0:0:0: [sda] Incomplete mode parameter data
[    4.771701] sd 2:0:1:0: [sdb] Write Protect is off
[    4.783127] sd 2:0:0:0: [sda] Assuming drive cache: write through
[    4.784240] sd 2:0:1:0: [sdb] Incomplete mode parameter data
[    4.791172] sd 2:0:1:0: [sdb] Assuming drive cache: write through
[    4.800878]  sda: sda1
[    4.804871] sd 2:0:1:0: [sdb] Attached SCSI disk
[    4.808881] sd 2:0:0:0: [sda] Attached SCSI disk
Begin: Loading essential drivers ... [    7.086262] raid6: sse2x1   gen() 123081 MB/s
[    9.081847] raid6: sse2x1   xor() 199173 MB/s
[   11.083154] raid6: sse2x2   gen() 410882 MB/s
[   12.134450] raid6: sse2x2   xor() 13433 MB/s
[   12.188204] raid6: sse2x4   gen() 19672 MB/s
[   12.241914] raid6: sse2x4   xor() 12047 MB/s
[   12.245019] raid6: using algorithm sse2x2 gen() 410882 MB/s
[   12.249134] raid6: .... xor() 13433 MB/s, rmw enabled
[   12.252184] raid6: using ssse3x2 recovery algorithm
[   12.256787] xor: measuring software checksum speed
[   12.296542]    prefetch64-sse: 28914.000 MB/sec
[   12.336522]    generic_sse: 22584.000 MB/sec
[   12.339396] xor: using function: prefetch64-sse (28914.000 MB/sec)
[   12.344639] async_tx: api initialized (async)
done.
Begin: Running /scripts/init-premount ... done.
Begin: Mounting root file system ... Begin: Running /scripts/local-top ... done.
Begin: Running /scripts/local-premount ... [   12.394396] Btrfs loaded, crc32c=crc32c-intel
Scanning for Btrfs filesystems
done.
Warning: fsck not present, so skipping root file system
[   12.439845] EXT4-fs (sda1): INFO: recovery required on readonly filesystem
[   12.443978] EXT4-fs (sda1): write access will be enabled during recovery
[   12.794843] EXT4-fs (sda1): recovery complete
[   12.798064] EXT4-fs (sda1): mounted filesystem with ordered data mode. Opts: (null)
done.
Begin: Running /scripts/local-bottom ... done.
Begin: Running /scripts/init-bottom ... done.
[   12.999887] ip_tables: (C) 2000-2006 Netfilter Core Team
[   13.009557] systemd[1]: systemd 237 running in system mode. (+PAM +AUDIT +SELINUX +IMA +APPARMOR +SMACK +SYSVINIT +UTMP +LIBCRYPTSETUP +GCRYPT +GNUTLS +ACL +XZ +LZ4 +SECCOMP +BLKID +ELFUTILS +KMOD -IDN2 +IDN -PCRE2 default-hierarchy=hybrid)
[   13.022557] systemd[1]: Detected virtualization oracle.
[   13.025813] systemd[1]: Detected architecture x86-64.

Welcome to [1mUbuntu 18.04.6 LTS[0m!

[   13.051540] systemd[1]: Set hostname to <ubuntu-bionic>.
[   13.339201] systemd[1]: Created slice User and Session Slice.
[[0;32m  OK  [0m] Created slice User and Session Slice.
[   13.344728] systemd[1]: Started Forward Password Requests to Wall Directory Watch.
[[0;32m  OK  [0m] Started Forward Password Requests to Wall Directory Watch.
[   13.351496] systemd[1]: Created slice System Slice.
[[0;32m  OK  [0m] Created slice System Slice.
[   13.355649] systemd[1]: Listening on Journal Socket (/dev/log).
[[0;32m  OK  [0m] Listening on Journal Socket (/dev/log).
[   13.360757] systemd[1]: Listening on LVM2 poll daemon socket.
[[0;32m  OK  [0m] Listening on LVM2 poll daemon socket.
[   13.380761] systemd[1]: Listening on Network Service Netlink Socket.
[[0;32m  OK  [0m] Listening on Network Service Netlink Socket.
[[0;32m  OK  [0m] Set up automount Arbitrary Executabâ€¦rmats File System Automount Point.
[[0;32m  OK  [0m] Listening on fsck to fsckd communication Socket.
[[0;32m  OK  [0m] Listening on udev Kernel Socket.
[[0;32m  OK  [0m] Listening on LVM2 metadata daemon socket.
[[0;32m  OK  [0m] Created slice system-serial\x2dgetty.slice.
[[0;32m  OK  [0m] Listening on Journal Audit Socket.
[[0;32m  OK  [0m] Reached target System Time Synchronized.
[[0;32m  OK  [0m] Listening on Journal Socket.
         Mounting POSIX Message Queue File System...
         Mounting Huge Pages File System...
         Starting Create list of required stâ€¦ce nodes for the current kernel...
         Starting Load Kernel Modules...
[[0;32m  OK  [0m] Reached target User and Group Name Lookups.
         Starting Set the console keyboard layout...
[[0;32m  OK  [0m] Listening on Device-mapper event daemon FIFOs.
         Starting Monitoring of LVM2 mirrorsâ€¦ng dmeventd or progress polling...
[[0;32m  OK  [0m] Reached target Swap.
         Mounting Kernel Debug File System...
[[0;32m  OK  [0m] Listening on Syslog Socket.
         Starting Journal Service...
[[0;32m  OK  [0m] Listening on /dev/initctl Compatibility Named Pipe.
[[0;32m  OK  [0m] Listening on udev Control Socket.
         Starting udev Coldplug all Devices...
         Starting File System Check on Root Device...
         Starting Uncomplicated firewall...
[[0;32m  OK  [0m] Reached target Slices.
[   13.457122] Loading iSCSI transport class v2.0-870.
[[0;32m  OK  [0m] Mounted POSIX Message Queue File System.
[[0;32m  OK  [0m] Mounted Huge Pages File System.
[[0;32m  OK  [0m] Started Create list of required staâ€¦vice nodes for the current kernel.
[[0;32m  OK  [0m] Mounted Kernel Debug File System.
         Starting Create Static Device Nodes in /dev...
[[0;32m  OK  [0m] Started udev Coldplug all Devices.
[[0;32m  OK  [0m] Started LVM2 metadata daemon.
[[0;32m  OK  [0m] Started File System Check Daemon to report status.
[[0;32m  OK  [0m] Started Uncomplicated firewall.
[   13.537460] iscsi: registered transport (tcp)
[   13.557467] iscsi: registered transport (iser)
[[0;32m  OK  [0m] Started Load Kernel Modules.
         Starting Apply Kernel Variables...
         Mounting Kernel Configuration File System...
         Mounting FUSE Control File System...
[[0;32m  OK  [0m] Mounted Kernel Configuration File System.
[[0;32m  OK  [0m] Started Journal Service.
[[0;32m  OK  [0m] Mounted FUSE Control File System.
[[0;32m  OK  [0m] Started Create Static Device Nodes in /dev.
[[0;32m  OK  [0m] Started Monitoring of LVM2 mirrors,â€¦sing dmeventd or progress polling.
[[0;32m  OK  [0m] Started File System Check on Root Device.
[[0;32m  OK  [0m] Started Apply Kernel Variables.
         Starting Remount Root and Kernel File Systems...
[[0;32m  OK  [0m] Started Remount Root and Kernel File Systems.
         Starting udev Kernel Device Manager...
         Starting Flush Journal to Persistent Storage...
         Starting Load/Save Random Seed...
[[0;32m  OK  [0m] Started Set the console keyboard layout.
[[0;32m  OK  [0m] Reached target Local File Systems (Pre).
[[0;32m  OK  [0m] Reached target Local File Systems.
         Starting Set console font and keymap...
         Starting ebtables ruleset management...
         Starting AppArmor initialization...
         Starting Tell Plymouth To Write Out Runtime Data...
[[0;32m  OK  [0m] Started udev Kernel Device Manager.
[[0;32m  OK  [0m] Started Dispatch Password Requests to Console Directory Watch.
[[0;32m  OK  [0m] Reached target Local Encrypted Volumes.
[[0;32m  OK  [0m] Started Set console font and keymap.
[[0;32m  OK  [0m] Started Load/Save Random Seed.
[[0;32m  OK  [0m] Started Tell Plymouth To Write Out Runtime Data.
[[0;32m  OK  [0m] Found device /dev/ttyS0.
[[0;32m  OK  [0m] Started ebtables ruleset management.
[[0;32m  OK  [0m] Started Flush Journal to Persistent Storage.
         Starting Create Volatile Files and Directories...
[[0;32m  OK  [0m] Listening on Load/Save RF Kill Switch Status /dev/rfkill Watch.
[[0;32m  OK  [0m] Started Create Volatile Files and Directories.
         Starting Update UTMP about System Boot/Shutdown...
[[0;32m  OK  [0m] Started Update UTMP about System Boot/Shutdown.
[[0;32m  OK  [0m] Started AppArmor initialization.
         Starting Load AppArmor profiles managed internally by snapd...
         Starting Initial cloud-init job (pre-networking)...
[[0;32m  OK  [0m] Started Load AppArmor profiles managed internally by snapd.
[   15.337740] cloud-init[557]: Cloud-init v. 21.4-0ubuntu1~18.04.1 running 'init-local' at Tue, 08 Feb 2022 20:45:58 +0000. Up 15.18 seconds.
[[0;32m  OK  [0m] Started Initial cloud-init job (pre-networking).
[[0;32m  OK  [0m] Reached target Network (Pre).
         Starting Network Service...
[[0;32m  OK  [0m] Started Network Service.
         Starting Wait for Network to be Configured...
         Starting Network Name Resolution...
[[0;32m  OK  [0m] Started Network Name Resolution.
[[0;32m  OK  [0m] Reached target Host and Network Name Lookups.
[[0;32m  OK  [0m] Reached target Network.
[[0;32m  OK  [0m] Started Wait for Network to be Configured.
         Starting Initial cloud-init job (metadata service crawler)...
[   17.017848] cloud-init[660]: Cloud-init v. 21.4-0ubuntu1~18.04.1 running 'init' at Tue, 08 Feb 2022 20:46:00 +0000. Up 16.91 seconds.
[   17.020778] cloud-init[660]: ci-info: ++++++++++++++++++++++++++++++++++++++Net device info++++++++++++++++++++++++++++++++++++++
[   17.023626] cloud-init[660]: ci-info: +--------+------+----------------------------+---------------+--------+-------------------+
[   17.026517] cloud-init[660]: ci-info: | Device |  Up  |          Address           |      Mask     | Scope  |     Hw-Address    |
[   17.029730] cloud-init[660]: ci-info: +--------+------+----------------------------+---------------+--------+-------------------+
[   17.032889] cloud-init[660]: ci-info: | enp0s3 | True |         10.0.2.15          | 255.255.255.0 | global | 02:29:e0:c3:be:94 |
[   17.035862] cloud-init[660]: ci-info: | enp0s3 | True | fe80::29:e0ff:fec3:be94/64 |       .       |  link  | 02:29:e0:c3:be:94 |
[   17.038809] cloud-init[660]: ci-info: |   lo   | True |         127.0.0.1          |   255.0.0.0   |  host  |         .         |
[   17.043131] cloud-init[660]: ci-info: |   lo   | True |          ::1/128           |       .       |  host  |         .         |
[   17.046242] cloud-init[660]: ci-info: +--------+------+----------------------------+---------------+--------+-------------------+
[   17.049151] cloud-init[660]: ci-info: ++++++++++++++++++++++++++++Route IPv4 info+++++++++++++++++++++++++++++
[   17.051576] cloud-init[660]: ci-info: +-------+-------------+----------+-----------------+-----------+-------+
[   17.054063] cloud-init[660]: ci-info: | Route | Destination | Gateway  |     Genmask     | Interface | Flags |
[   17.057171] cloud-init[660]: ci-info: +-------+-------------+----------+-----------------+-----------+-------+
[   17.059682] cloud-init[660]: ci-info: |   0   |   0.0.0.0   | 10.0.2.2 |     0.0.0.0     |   enp0s3  |   UG  |
[   17.062118] cloud-init[660]: ci-info: |   1   |   10.0.2.0  | 0.0.0.0  |  255.255.255.0  |   enp0s3  |   U   |
[   17.064759] cloud-init[660]: ci-info: |   2   |   10.0.2.2  | 0.0.0.0  | 255.255.255.255 |   enp0s3  |   UH  |
[   17.067250] cloud-init[660]: ci-info: +-------+-------------+----------+-----------------+-----------+-------+
[   17.070368] cloud-init[660]: ci-info: +++++++++++++++++++Route IPv6 info+++++++++++++++++++
[   17.072439] cloud-init[660]: ci-info: +-------+-------------+---------+-----------+-------+
[   17.074363] cloud-init[660]: ci-info: | Route | Destination | Gateway | Interface | Flags |
[   17.076400] cloud-init[660]: ci-info: +-------+-------------+---------+-----------+-------+
[   17.078356] cloud-init[660]: ci-info: |   1   |  fe80::/64  |    ::   |   enp0s3  |   U   |
[   17.080680] cloud-init[660]: ci-info: |   3   |    local    |    ::   |   enp0s3  |   U   |
[   17.082590] cloud-init[660]: ci-info: |   4   |   ff00::/8  |    ::   |   enp0s3  |   U   |
[   17.084642] cloud-init[660]: ci-info: +-------+-------------+---------+-----------+-------+
[[0;32m  OK  [0m] Started Initial cloud-init job (metadata service crawler).
[[0;32m  OK  [0m] Reached target Network is Online.
[[0;32m  OK  [0m] Reached target Remote File Systems (Pre).
         Mounting /vagrant...
         Starting Availability of block devices...
[[0;32m  OK  [0m] Reached target Cloud-config availability.
[[0;32m  OK  [0m] Reached target System Initialization.
[[0;32m  OK  [0m] Listening on ACPID Listen Socket.
[[0;32m  OK  [0m] Started Message of the Day.
[[0;32m  OK  [0m] Started ACPI Events Check.
[[0;32m  OK  [0m] Started Ubuntu Advantage Timer for running repeated jobs.
         Starting LXD - unix socket.
[[0;32m  OK  [0m] Listening on Open-iSCSI iscsid Socket.
[[0;32m  OK  [0m] Started Discard unused blocks once a week.
[[0;32m  OK  [0m] Started Daily apt upgrade and clean activities.
[[0;32m  OK  [0m] Listening on cloud-init hotplug hook socket.
[[0;32m  OK  [0m] Listening on D-Bus System Message Bus Socket.
         Starting Socket activation for snappy daemon.
[[0;32m  OK  [0m] Listening on UUID daemon activation socket.
[[0;32m  OK  [0m] Started Daily Cleanup of Temporary Directories.
[[0;32m  OK  [0m] Reached target Timers.
[[0;32m  OK  [0m] Started Trigger to poll for Ubuntu â€¦(Only enabled on GCP LTS non-pro).
[[0;32m  OK  [0m] Reached target Paths.
[[0;32m  OK  [0m] Mounted /vagrant.
[[0;32m  OK  [0m] Started Availability of block devices.
[[0;32m  OK  [0m] Listening on LXD - unix socket.
[[0;32m  OK  [0m] Listening on Socket activation for snappy daemon.
[[0;32m  OK  [0m] Reached target Sockets.
[[0;32m  OK  [0m] Reached target Basic System.
         Starting LXD - container startup/shutdown...
         Starting System Logging Service...
[[0;32m  OK  [0m] Started FUSE filesystem for LXC.
[[0;32m  OK  [0m] Started Regular background program processing daemon.
         Starting Virtualbox guest utils...
         Starting Accounts Service...
         Starting LSB: Record successful boot for GRUB...
         Starting Login Service...
         Starting Snap Daemon...
[[0;32m  OK  [0m] Started irqbalance daemon.
         Starting OpenBSD Secure Shell server...
         Starting Dispatcher daemon for systemd-networkd...
         Starting Message of the Day...
[[0;32m  OK  [0m] Started Deferred execution scheduler.
[[0;32m  OK  [0m] Started D-Bus System Message Bus.
[[0;32m  OK  [0m] Reached target Remote File Systems.
         Starting LSB: automatic crash report generation...
         Starting Permit User Sessions...
[[0;32m  OK  [0m] Started System Logging Service.
[[0;32m  OK  [0m] Started LXD - container startup/shutdown.
[[0;32m  OK  [0m] Started Login Service.
[[0;32m  OK  [0m] Started Unattended Upgrades Shutdown.
[[0;32m  OK  [0m] Started OpenBSD Secure Shell server.
[[0;32m  OK  [0m] Started Permit User Sessions.
         Starting Terminate Plymouth Boot Screen...
         Starting Hold until boot process finishes up...
[[0;32m  OK  [0m] Started Hold until boot process finishes up.
[[0;32m  OK  [0m] Started Serial Getty on ttyS0.
         Starting Set console scheme...
[[0;32m  OK  [0m] Started Terminate Plymouth Boot Screen.
[[0;32m  OK  [0m] Started Set console scheme.
[[0;32m  OK  [0m] Created slice system-getty.slice.
[[0;32m  OK  [0m] Started Getty on tty1.
[[0;32m  OK  [0m] Reached target Login Prompts.
[[0;32m  OK  [0m] Started LSB: Record successful boot for GRUB.
[[0;32m  OK  [0m] Started Virtualbox guest utils.
[[0;32m  OK  [0m] Started LSB: automatic crash report generation.
         Starting Authorization Manager...
[[0;32m  OK  [0m] Started Authorization Manager.
[[0;32m  OK  [0m] Started Accounts Service.
[[0;32m  OK  [0m] Created slice User Slice of vagrant.
[[0;32m  OK  [0m] Started Dispatcher daemon for systemd-networkd.
         Starting User Manager for UID 1000...
[[0;32m  OK  [0m] Started Session 1 of user vagrant.
[[0;32m  OK  [0m] Started User Manager for UID 1000.
[[0;32m  OK  [0m] Started Snap Daemon.
         Starting Wait until snapd is fully seeded...
[[0;32m  OK  [0m] Started Wait until snapd is fully seeded.
         Starting Apply the settings specified in cloud-config...
[[0;32m  OK  [0m] Reached target Multi-User System.
[[0;32m  OK  [0m] Reached target Graphical Interface.
         Starting Update UTMP about System Runlevel Changes...
[[0;32m  OK  [0m] Started Update UTMP about System Runlevel Changes.
[   19.285174] cloud-init[1147]: Cloud-init v. 21.4-0ubuntu1~18.04.1 running 'modules:config' at Tue, 08 Feb 2022 20:46:03 +0000. Up 19.21 seconds.
[[0;32m  OK  [0m] Started Apply the settings specified in cloud-config.
         Starting Execute cloud user/final scripts...
[[0;32m  OK  [0m] Started Message of the Day.
[   19.712841] cloud-init[1224]: Cloud-init v. 21.4-0ubuntu1~18.04.1 running 'modules:final' at Tue, 08 Feb 2022 20:46:03 +0000. Up 19.63 seconds.
[   19.716170] cloud-init[1224]: Cloud-init v. 21.4-0ubuntu1~18.04.1 finished at Tue, 08 Feb 2022 20:46:03 +0000. Datasource DataSourceNoCloud [seed=/dev/sdb][dsmode=net].  Up 19.70 seconds
[[0;32m  OK  [0m] Started Execute cloud user/final scripts.
[[0;32m  OK  [0m] Reached target Cloud-init target.

Ubuntu 18.04.6 LTS ubuntu-bionic ttyS0

ubuntu-bionic login: 